Archive member included because of file (symbol)

c:/program files (x86)/arm gcc/bin/../lib/gcc/arm-none-eabi/4.8.4/armv7e-m/fpu\libgcc.a(_arm_addsubdf3.o)
                              ..\obj\string.o (__aeabi_f2d)
c:/program files (x86)/arm gcc/bin/../lib/gcc/arm-none-eabi/4.8.4/armv7e-m/fpu\libgcc.a(_arm_muldivdf3.o)
                              ..\obj\string.o (__aeabi_dmul)
c:/program files (x86)/arm gcc/bin/../lib/gcc/arm-none-eabi/4.8.4/armv7e-m/fpu\libgcc.a(_arm_truncdfsf2.o)
                              ..\obj\string.o (__aeabi_d2f)
c:/program files (x86)/arm gcc/bin/../lib/gcc/arm-none-eabi/4.8.4/armv7e-m/fpu\libgcc.a(_aeabi_ldivmod.o)
                              ..\obj\string.o (__aeabi_ldivmod)
c:/program files (x86)/arm gcc/bin/../lib/gcc/arm-none-eabi/4.8.4/armv7e-m/fpu\libgcc.a(bpabi.o)
                              c:/program files (x86)/arm gcc/bin/../lib/gcc/arm-none-eabi/4.8.4/armv7e-m/fpu\libgcc.a(_aeabi_ldivmod.o) (__gnu_ldivmod_helper)
c:/program files (x86)/arm gcc/bin/../lib/gcc/arm-none-eabi/4.8.4/armv7e-m/fpu\libgcc.a(_dvmd_tls.o)
                              c:/program files (x86)/arm gcc/bin/../lib/gcc/arm-none-eabi/4.8.4/armv7e-m/fpu\libgcc.a(_aeabi_ldivmod.o) (__aeabi_ldiv0)
c:/program files (x86)/arm gcc/bin/../lib/gcc/arm-none-eabi/4.8.4/armv7e-m/fpu\libgcc.a(_divdi3.o)
                              c:/program files (x86)/arm gcc/bin/../lib/gcc/arm-none-eabi/4.8.4/armv7e-m/fpu\libgcc.a(bpabi.o) (__divdi3)
c:/program files (x86)/arm gcc/bin/../lib/gcc/arm-none-eabi/4.8.4/armv7e-m/fpu\libgcc.a(_udivdi3.o)
                              c:/program files (x86)/arm gcc/bin/../lib/gcc/arm-none-eabi/4.8.4/armv7e-m/fpu\libgcc.a(bpabi.o) (__udivdi3)
c:/program files (x86)/arm gcc/bin/../lib/gcc/arm-none-eabi/4.8.4/../../../../arm-none-eabi/lib/armv7e-m/fpu\libc.a(lib_a-exit.o)
                              c:/program files (x86)/arm gcc/bin/../lib/gcc/arm-none-eabi/4.8.4/../../../../arm-none-eabi/lib/armv7e-m/fpu/crt0.o (exit)
c:/program files (x86)/arm gcc/bin/../lib/gcc/arm-none-eabi/4.8.4/../../../../arm-none-eabi/lib/armv7e-m/fpu\libc.a(lib_a-impure.o)
                              c:/program files (x86)/arm gcc/bin/../lib/gcc/arm-none-eabi/4.8.4/../../../../arm-none-eabi/lib/armv7e-m/fpu\libc.a(lib_a-exit.o) (_global_impure_ptr)
c:/program files (x86)/arm gcc/bin/../lib/gcc/arm-none-eabi/4.8.4/../../../../arm-none-eabi/lib/armv7e-m/fpu\libc.a(lib_a-init.o)
                              c:/program files (x86)/arm gcc/bin/../lib/gcc/arm-none-eabi/4.8.4/../../../../arm-none-eabi/lib/armv7e-m/fpu/crt0.o (__libc_init_array)
c:/program files (x86)/arm gcc/bin/../lib/gcc/arm-none-eabi/4.8.4/../../../../arm-none-eabi/lib/armv7e-m/fpu\libc.a(lib_a-memcpy.o)
                              ..\obj\queue.o (memcpy)
c:/program files (x86)/arm gcc/bin/../lib/gcc/arm-none-eabi/4.8.4/../../../../arm-none-eabi/lib/armv7e-m/fpu\libc.a(lib_a-memset.o)
                              c:/program files (x86)/arm gcc/bin/../lib/gcc/arm-none-eabi/4.8.4/../../../../arm-none-eabi/lib/armv7e-m/fpu/crt0.o (memset)
c:/program files (x86)/arm gcc/bin/../lib/gcc/arm-none-eabi/4.8.4/../../../../arm-none-eabi/lib/armv7e-m/fpu\libc.a(lib_a-__call_atexit.o)
                              c:/program files (x86)/arm gcc/bin/../lib/gcc/arm-none-eabi/4.8.4/../../../../arm-none-eabi/lib/armv7e-m/fpu\libc.a(lib_a-exit.o) (__call_exitprocs)
c:/program files (x86)/arm gcc/bin/../lib/gcc/arm-none-eabi/4.8.4/../../../../arm-none-eabi/lib/armv7e-m/fpu\libc.a(lib_a-atexit.o)
                              c:/program files (x86)/arm gcc/bin/../lib/gcc/arm-none-eabi/4.8.4/../../../../arm-none-eabi/lib/armv7e-m/fpu\libc.a(lib_a-__call_atexit.o) (atexit)
c:/program files (x86)/arm gcc/bin/../lib/gcc/arm-none-eabi/4.8.4/../../../../arm-none-eabi/lib/armv7e-m/fpu\libc.a(lib_a-fini.o)
                              c:/program files (x86)/arm gcc/bin/../lib/gcc/arm-none-eabi/4.8.4/../../../../arm-none-eabi/lib/armv7e-m/fpu\libc.a(lib_a-__call_atexit.o) (__libc_fini_array)
c:/program files (x86)/arm gcc/bin/../lib/gcc/arm-none-eabi/4.8.4/../../../../arm-none-eabi/lib/armv7e-m/fpu\libc.a(lib_a-__atexit.o)
                              c:/program files (x86)/arm gcc/bin/../lib/gcc/arm-none-eabi/4.8.4/../../../../arm-none-eabi/lib/armv7e-m/fpu\libc.a(lib_a-atexit.o) (__register_exitproc)
c:/program files (x86)/arm gcc/bin/../lib/gcc/arm-none-eabi/4.8.4/../../../../arm-none-eabi/lib/armv7e-m/fpu\libnosys.a(_exit.o)
                              c:/program files (x86)/arm gcc/bin/../lib/gcc/arm-none-eabi/4.8.4/../../../../arm-none-eabi/lib/armv7e-m/fpu\libc.a(lib_a-exit.o) (_exit)

Allocating common symbols
Common symbol       size              file

xQueueRegistry      0x50              ..\obj\queue.o

Discarded input sections

 .text          0x00000000        0x0 c:/program files (x86)/arm gcc/bin/../lib/gcc/arm-none-eabi/4.8.4/armv7e-m/fpu/crti.o
[...]
Memory Configuration

Name             Origin             Length             Attributes
rom              0x08000000         0x00100000         xr
ram              0x20000000         0x00020000         xrw
ram1             0x10000000         0x00010000         xrw
*default*        0x00000000         0xffffffff

Linker script and memory map

LOAD c:/program files (x86)/arm gcc/bin/../lib/gcc/arm-none-eabi/4.8.4/armv7e-m/fpu/crti.o
LOAD c:/program files (x86)/arm gcc/bin/../lib/gcc/arm-none-eabi/4.8.4/armv7e-m/fpu/crtbegin.o
LOAD c:/program files (x86)/arm gcc/bin/../lib/gcc/arm-none-eabi/4.8.4/../../../../arm-none-eabi/lib/armv7e-m/fpu/crt0.o
                0x20020000                _eram = 0x20020000

.text           0x08000000     0x3cb0
 *(.isr_vector)
 .isr_vector    0x08000000      0x188 ..\obj\startup_stm32f4xx.o
                0x08000000                g_pfnVectors
 *(.text*)
 .text          0x08000188       0x54 c:/program files (x86)/arm gcc/bin/../lib/gcc/arm-none-eabi/4.8.4/armv7e-m/fpu/crtbegin.o
 .text.USART_Init
                0x080001dc      0x2cc ..\obj\stm32f4xx_usart.o
                0x080001dc                USART_Init
 .text.USART_Cmd
                0x080004a8       0xa8 ..\obj\stm32f4xx_usart.o
                0x080004a8                USART_Cmd
 .text.USART_ReceiveData
                0x08000550       0x74 ..\obj\stm32f4xx_usart.o
                0x08000550                USART_ReceiveData
 .text.USART_ITConfig
                0x080005c4      0x17c ..\obj\stm32f4xx_usart.o
                0x080005c4                USART_ITConfig
 .text.USART_GetFlagStatus
                0x08000740      0x108 ..\obj\stm32f4xx_usart.o
                0x08000740                USART_GetFlagStatus
 .text.USART_GetITStatus
                0x08000848      0x1ac ..\obj\stm32f4xx_usart.o
                0x08000848                USART_GetITStatus
 .text.Default_Reset_Handler
                0x080009f4       0x6c ..\obj\startup_stm32f4xx.o
                0x080009f4                Default_Reset_Handler
                0x080009f4                Reset_Handler
 .text.Default_Handler
                0x08000a60        0xc ..\obj\startup_stm32f4xx.o
                0x08000a60                RTC_Alarm_IRQHandler
                0x08000a60                HASH_RNG_IRQHandler
                0x08000a60                EXTI2_IRQHandler
                0x08000a60                TIM8_CC_IRQHandler
                0x08000a60                DebugMon_Handler
                0x08000a60                TIM1_CC_IRQHandler
                0x08000a60                DMA2_Stream5_IRQHandler
                0x08000a60                HardFault_Handler
                0x08000a60                DMA1_Stream5_IRQHandler
                0x08000a60                PVD_IRQHandler
                0x08000a60                SDIO_IRQHandler
                0x08000a60                TAMP_STAMP_IRQHandler
                0x08000a60                NMI_Handler
                0x08000a60                CAN2_RX1_IRQHandler
                0x08000a60                EXTI3_IRQHandler
                0x08000a60                TIM8_TRG_COM_TIM14_IRQHandler
                0x08000a60                TIM1_UP_TIM10_IRQHandler
                0x08000a60                TIM8_UP_TIM13_IRQHandler
                0x08000a60                I2C3_ER_IRQHandler
                0x08000a60                EXTI0_IRQHandler
                0x08000a60                I2C2_EV_IRQHandler
                0x08000a60                DMA1_Stream2_IRQHandler
                0x08000a60                CAN1_RX0_IRQHandler
                0x08000a60                FPU_IRQHandler
                0x08000a60                OTG_HS_WKUP_IRQHandler
                0x08000a60                UsageFault_Handler
                0x08000a60                CAN2_SCE_IRQHandler
                0x08000a60                DMA2_Stream2_IRQHandler
                0x08000a60                SPI1_IRQHandler
                0x08000a60                TIM6_DAC_IRQHandler
                0x08000a60                TIM1_BRK_TIM9_IRQHandler
                0x08000a60                DCMI_IRQHandler
                0x08000a60                CAN2_RX0_IRQHandler
                0x08000a60                DMA2_Stream3_IRQHandler
                0x08000a60                USART6_IRQHandler
                0x08000a60                USART3_IRQHandler
                0x08000a60                CRYP_IRQHandler
                0x08000a60                CAN1_RX1_IRQHandler
                0x08000a60                UART5_IRQHandler
                0x08000a60                DMA2_Stream0_IRQHandler
                0x08000a60                TIM4_IRQHandler
                0x08000a60                I2C1_EV_IRQHandler
                0x08000a60                DMA1_Stream6_IRQHandler
                0x08000a60                DMA1_Stream1_IRQHandler
                0x08000a60                UART4_IRQHandler
                0x08000a60                TIM3_IRQHandler
                0x08000a60                RCC_IRQHandler
                0x08000a60                TIM8_BRK_TIM12_IRQHandler
                0x08000a60                ADC_IRQHandler
                0x08000a60                DMA1_Stream7_IRQHandler
                0x08000a60                TIM7_IRQHandler
                0x08000a60                CAN2_TX_IRQHandler
                0x08000a60                TIM5_IRQHandler
                0x08000a60                DMA2_Stream7_IRQHandler
                0x08000a60                I2C3_EV_IRQHandler
                0x08000a60                EXTI9_5_IRQHandler
                0x08000a60                RTC_WKUP_IRQHandler
                0x08000a60                ETH_WKUP_IRQHandler
                0x08000a60                SPI2_IRQHandler
                0x08000a60                OTG_HS_EP1_IN_IRQHandler
                0x08000a60                MemManage_Handler
                0x08000a60                DMA1_Stream0_IRQHandler
                0x08000a60                CAN1_TX_IRQHandler
                0x08000a60                EXTI4_IRQHandler
                0x08000a60                FSMC_IRQHandler
                0x08000a60                ETH_IRQHandler
                0x08000a60                OTG_HS_EP1_OUT_IRQHandler
                0x08000a60                WWDG_IRQHandler
                0x08000a60                TIM2_IRQHandler
                0x08000a60                OTG_FS_WKUP_IRQHandler
                0x08000a60                TIM1_TRG_COM_TIM11_IRQHandler
                0x08000a60                OTG_HS_IRQHandler
                0x08000a60                EXTI1_IRQHandler
                0x08000a60                I2C2_ER_IRQHandler
                0x08000a60                DMA2_Stream1_IRQHandler
                0x08000a60                CAN1_SCE_IRQHandler
                0x08000a60                FLASH_IRQHandler
                0x08000a60                DMA2_Stream4_IRQHandler
                0x08000a60                BusFault_Handler
                0x08000a60                USART1_IRQHandler
                0x08000a60                OTG_FS_IRQHandler
                0x08000a60                SPI3_IRQHandler
                0x08000a60                DMA1_Stream4_IRQHandler
                0x08000a60                I2C1_ER_IRQHandler
                0x08000a60                DMA2_Stream6_IRQHandler
                0x08000a60                DMA1_Stream3_IRQHandler
 .text.vApplicationStackOverflowHook
                0x08000a6c        0xc ..\obj\main.o
                0x08000a6c                vApplicationStackOverflowHook
 .text.vApplicationTickHook
                0x08000a78        0xc ..\obj\main.o
                0x08000a78                vApplicationTickHook
 .text.InitPeriph
                0x08000a84       0x84 ..\obj\main.o
                0x08000a84                InitPeriph
 .text.EXTI15_10_IRQHandler
                0x08000b08       0x1c ..\obj\main.o
                0x08000b08                EXTI15_10_IRQHandler
 .text.vLedTask
                0x08000b24       0x94 ..\obj\main.o
                0x08000b24                vLedTask
 .text.main     0x08000bb8       0xec ..\obj\main.o
                0x08000bb8                main
 .text.USART2_IRQHandler
                0x08000ca4       0x88 ..\obj\main.o
                0x08000ca4                USART2_IRQHandler
 .text.assert_failed
                0x08000d2c       0x14 ..\obj\main.o
                0x08000d2c                assert_failed
 .text.RCC_GetClocksFreq
                0x08000d40      0x154 ..\obj\stm32f4xx_rcc.o
                0x08000d40                RCC_GetClocksFreq
 .text.RCC_AHB1PeriphClockCmd
                0x08000e94       0x70 ..\obj\stm32f4xx_rcc.o
                0x08000e94                RCC_AHB1PeriphClockCmd
 .text.RCC_AHB2PeriphClockCmd
                0x08000f04       0x6c ..\obj\stm32f4xx_rcc.o
                0x08000f04                RCC_AHB2PeriphClockCmd
 .text.RCC_APB1PeriphClockCmd
                0x08000f70       0x70 ..\obj\stm32f4xx_rcc.o
                0x08000f70                RCC_APB1PeriphClockCmd
 .text.RCC_APB2PeriphClockCmd
                0x08000fe0       0x70 ..\obj\stm32f4xx_rcc.o
                0x08000fe0                RCC_APB2PeriphClockCmd
 .text.xTimerCreateTimerTask
                0x08001050       0x4c ..\obj\timers.o
                0x08001050                xTimerCreateTimerTask
 .text.xTimerGenericCommand
                0x0800109c       0x8c ..\obj\timers.o
                0x0800109c                xTimerGenericCommand
 .text.prvProcessExpiredTimer
                0x08001128       0x64 ..\obj\timers.o
 .text.prvTimerTask
                0x0800118c       0x24 ..\obj\timers.o
 .text.prvProcessTimerOrBlockTask
                0x080011b0       0x6c ..\obj\timers.o
 .text.prvGetNextExpireTime
                0x0800121c       0x48 ..\obj\timers.o
 .text.prvSampleTimeNow
                0x08001264       0x40 ..\obj\timers.o
 .text.prvInsertTimerInActiveList
                0x080012a4       0x84 ..\obj\timers.o
 .text.prvProcessReceivedCommands
                0x08001328       0xf4 ..\obj\timers.o
 .text.prvSwitchTimerLists
                0x0800141c       0xa4 ..\obj\timers.o
 .text.prvCheckForValidListAndQueue
                0x080014c0       0x6c ..\obj\timers.o
 .text.xTaskGenericCreate
                0x0800152c      0x134 ..\obj\tasks.o
                0x0800152c                xTaskGenericCreate
 .text.vTaskDelay
                0x08001660       0x74 ..\obj\tasks.o
                0x08001660                vTaskDelay
 .text.vTaskStartScheduler
                0x080016d4       0x64 ..\obj\tasks.o
                0x080016d4                vTaskStartScheduler
 .text.vTaskEndScheduler
                0x08001738       0x18 ..\obj\tasks.o
                0x08001738                vTaskEndScheduler
 .text.vTaskSuspendAll
                0x08001750       0x1c ..\obj\tasks.o
                0x08001750                vTaskSuspendAll
 .text.xTaskResumeAll
                0x0800176c       0xfc ..\obj\tasks.o
                0x0800176c                xTaskResumeAll
 .text.xTaskGetTickCount
                0x08001868       0x24 ..\obj\tasks.o
                0x08001868                xTaskGetTickCount
 .text.xTaskIncrementTick
                0x0800188c      0x16c ..\obj\tasks.o
                0x0800188c                xTaskIncrementTick
 .text.vTaskSwitchContext
                0x080019f8       0xa8 ..\obj\tasks.o
                0x080019f8                vTaskSwitchContext
 .text.vTaskPlaceOnEventList
                0x08001aa0       0x80 ..\obj\tasks.o
                0x08001aa0                vTaskPlaceOnEventList
 .text.vTaskPlaceOnEventListRestricted
                0x08001b20       0x64 ..\obj\tasks.o
                0x08001b20                vTaskPlaceOnEventListRestricted
 .text.xTaskRemoveFromEventList
                0x08001b84       0xa8 ..\obj\tasks.o
                0x08001b84                xTaskRemoveFromEventList
 .text.vTaskSetTimeOutState
                0x08001c2c       0x2c ..\obj\tasks.o
                0x08001c2c                vTaskSetTimeOutState
 .text.xTaskCheckForTimeOut
                0x08001c58       0x88 ..\obj\tasks.o
                0x08001c58                xTaskCheckForTimeOut
 .text.vTaskMissedYield
                0x08001ce0       0x18 ..\obj\tasks.o
                0x08001ce0                vTaskMissedYield
 .text.prvIdleTask
                0x08001cf8       0x20 ..\obj\tasks.o
 .text.prvInitialiseTCBVariables
                0x08001d18       0x94 ..\obj\tasks.o
 .text.prvInitialiseTaskLists
                0x08001dac       0x7c ..\obj\tasks.o
 .text.prvCheckTasksWaitingTermination
                0x08001e28       0x74 ..\obj\tasks.o
 .text.prvAddCurrentTaskToDelayedList
                0x08001e9c       0x6c ..\obj\tasks.o
 .text.prvAllocateTCBAndStack
                0x08001f08       0x64 ..\obj\tasks.o
 .text.prvDeleteTCB
                0x08001f6c       0x20 ..\obj\tasks.o
 .text.prvResetNextTaskUnblockTime
                0x08001f8c       0x48 ..\obj\tasks.o
 .text.xTaskGetSchedulerState
                0x08001fd4       0x3c ..\obj\tasks.o
                0x08001fd4                xTaskGetSchedulerState
 .text.vTaskPriorityInherit
                0x08002010       0xec ..\obj\tasks.o
                0x08002010                vTaskPriorityInherit
 .text.xTaskPriorityDisinherit
                0x080020fc       0xc8 ..\obj\tasks.o
                0x080020fc                xTaskPriorityDisinherit
 .text.pvTaskIncrementMutexHeldCount
                0x080021c4       0x28 ..\obj\tasks.o
                0x080021c4                pvTaskIncrementMutexHeldCount
 .text.GPIO_Init
                0x080021ec      0x22c ..\obj\stm32f4xx_gpio.o
                0x080021ec                GPIO_Init
 .text.GPIO_SetBits
                0x08002418       0xa4 ..\obj\stm32f4xx_gpio.o
                0x08002418                GPIO_SetBits
 .text.GPIO_ResetBits
                0x080024bc       0xa4 ..\obj\stm32f4xx_gpio.o
                0x080024bc                GPIO_ResetBits
 .text.GPIO_PinAFConfig
                0x08002560      0x250 ..\obj\stm32f4xx_gpio.o
                0x08002560                GPIO_PinAFConfig
 .text.vListInitialise
                0x080027b0       0x40 ..\obj\list.o
                0x080027b0                vListInitialise
 .text.vListInitialiseItem
                0x080027f0       0x18 ..\obj\list.o
                0x080027f0                vListInitialiseItem
 .text.vListInsertEnd
                0x08002808       0x48 ..\obj\list.o
                0x08002808                vListInsertEnd
 .text.vListInsert
                0x08002850       0x70 ..\obj\list.o
                0x08002850                vListInsert
 .text.uxListRemove
                0x080028c0       0x54 ..\obj\list.o
                0x080028c0                uxListRemove
 .text.SystemInit
                0x08002914       0x68 ..\obj\system_stm32f4xx.o
                0x08002914                SystemInit
 .text.SetSysClock
                0x0800297c       0xf4 ..\obj\system_stm32f4xx.o
 .text.pxPortInitialiseStack
                0x08002a70       0x64 ..\obj\port.o
                0x08002a70                pxPortInitialiseStack
 .text.prvTaskExitError
                0x08002ad4        0xc ..\obj\port.o
 .text.SVC_Handler
                0x08002ae0       0x20 ..\obj\port.o
                0x08002ae0                SVC_Handler
 .text.prvPortStartFirstTask
                0x08002b00       0x20 ..\obj\port.o
 .text.xPortStartScheduler
                0x08002b20       0x50 ..\obj\port.o
                0x08002b20                xPortStartScheduler
 .text.vPortEndScheduler
                0x08002b70        0xc ..\obj\port.o
                0x08002b70                vPortEndScheduler
 .text.vPortYield
                0x08002b7c       0x20 ..\obj\port.o
                0x08002b7c                vPortYield
 .text.vPortEnterCritical
                0x08002b9c       0x20 ..\obj\port.o
                0x08002b9c                vPortEnterCritical
 .text.vPortExitCritical
                0x08002bbc       0x24 ..\obj\port.o
                0x08002bbc                vPortExitCritical
 .text.ulPortSetInterruptMask
                0x08002be0       0x14 ..\obj\port.o
                0x08002be0                ulPortSetInterruptMask
 .text.vPortClearInterruptMask
                0x08002bf4        0x8 ..\obj\port.o
                0x08002bf4                vPortClearInterruptMask
 .text.PendSV_Handler
                0x08002bfc       0x58 ..\obj\port.o
                0x08002bfc                PendSV_Handler
 .text.SysTick_Handler
                0x08002c54       0x28 ..\obj\port.o
                0x08002c54                SysTick_Handler
 .text.vPortSetupTimerInterrupt
                0x08002c7c       0x24 ..\obj\port.o
                0x08002c7c                vPortSetupTimerInterrupt
 .text.vPortEnableVFP
                0x08002ca0       0x14 ..\obj\port.o
 .text.xQueueGenericReset
                0x08002cb4       0xa4 ..\obj\queue.o
                0x08002cb4                xQueueGenericReset
 .text.xQueueGenericCreate
                0x08002d58       0x70 ..\obj\queue.o
                0x08002d58                xQueueGenericCreate
 .text.xQueueGenericSend
                0x08002dc8      0x124 ..\obj\queue.o
                0x08002dc8                xQueueGenericSend
 .text.xQueueGenericSendFromISR
                0x08002eec       0x9c ..\obj\queue.o
                0x08002eec                xQueueGenericSendFromISR
 .text.xQueueGenericReceive
                0x08002f88      0x170 ..\obj\queue.o
                0x08002f88                xQueueGenericReceive
 .text.prvCopyDataToQueue
                0x080030f8       0xdc ..\obj\queue.o
 .text.prvCopyDataFromQueue
                0x080031d4       0x4c ..\obj\queue.o
 .text.prvUnlockQueue
                0x08003220       0x98 ..\obj\queue.o
 .text.prvIsQueueEmpty
                0x080032b8       0x2c ..\obj\queue.o
 .text.prvIsQueueFull
                0x080032e4       0x30 ..\obj\queue.o
 .text.vQueueAddToRegistry
                0x08003314       0x50 ..\obj\queue.o
                0x08003314                vQueueAddToRegistry
 .text.vQueueWaitForMessageRestricted
                0x08003364       0x58 ..\obj\queue.o
                0x08003364                vQueueWaitForMessageRestricted
 .text.RNG_Cmd  0x080033bc       0x4c ..\obj\stm32f4xx_rng.o
                0x080033bc                RNG_Cmd
 .text.EXTI_GetITStatus
                0x08003408       0xfc ..\obj\stm32f4xx_exti.o
                0x08003408                EXTI_GetITStatus
 .text.EXTI_ClearITPendingBit
                0x08003504       0x38 ..\obj\stm32f4xx_exti.o
                0x08003504                EXTI_ClearITPendingBit
 .text.NVIC_Init
                0x0800353c       0xf4 ..\obj\misc.o
                0x0800353c                NVIC_Init
 .text.pvPortMalloc
                0x08003630      0x118 ..\obj\heap_2.o
                0x08003630                pvPortMalloc
 .text.vPortFree
                0x08003748       0x70 ..\obj\heap_2.o
                0x08003748                vPortFree
 .text.prvHeapInit
                0x080037b8       0x50 ..\obj\heap_2.o
 .text          0x08003808      0x134 c:/program files (x86)/arm gcc/bin/../lib/gcc/arm-none-eabi/4.8.4/../../../../arm-none-eabi/lib/armv7e-m/fpu\libc.a(lib_a-memcpy.o)
                0x08003808                memcpy
 .text.memset   0x0800393c       0x94 c:/program files (x86)/arm gcc/bin/../lib/gcc/arm-none-eabi/4.8.4/../../../../arm-none-eabi/lib/armv7e-m/fpu\libc.a(lib_a-memset.o)
                0x0800393c                memset
 .text.startup.register_fini
                0x080039d0       0x14 c:/program files (x86)/arm gcc/bin/../lib/gcc/arm-none-eabi/4.8.4/../../../../arm-none-eabi/lib/armv7e-m/fpu\libc.a(lib_a-__call_atexit.o)
 .text.atexit   0x080039e4        0xc c:/program files (x86)/arm gcc/bin/../lib/gcc/arm-none-eabi/4.8.4/../../../../arm-none-eabi/lib/armv7e-m/fpu\libc.a(lib_a-atexit.o)
                0x080039e4                atexit
 .text.__libc_fini_array
                0x080039f0       0x30 c:/program files (x86)/arm gcc/bin/../lib/gcc/arm-none-eabi/4.8.4/../../../../arm-none-eabi/lib/armv7e-m/fpu\libc.a(lib_a-fini.o)
                0x080039f0                __libc_fini_array
 .text.__register_exitproc
                0x08003a20       0xa8 c:/program files (x86)/arm gcc/bin/../lib/gcc/arm-none-eabi/4.8.4/../../../../arm-none-eabi/lib/armv7e-m/fpu\libc.a(lib_a-__atexit.o)
                0x08003a20                __register_exitproc
 *(.init)
 .init          0x08003ac8        0x4 c:/program files (x86)/arm gcc/bin/../lib/gcc/arm-none-eabi/4.8.4/armv7e-m/fpu/crti.o
                0x08003ac8                _init
 .init          0x08003acc        0x8 c:/program files (x86)/arm gcc/bin/../lib/gcc/arm-none-eabi/4.8.4/armv7e-m/fpu/crtn.o
 *(.fini)
 .fini          0x08003ad4        0x4 c:/program files (x86)/arm gcc/bin/../lib/gcc/arm-none-eabi/4.8.4/armv7e-m/fpu/crti.o
                0x08003ad4                _fini
 .fini          0x08003ad8        0x8 c:/program files (x86)/arm gcc/bin/../lib/gcc/arm-none-eabi/4.8.4/armv7e-m/fpu/crtn.o
 *crtbegin.o(.ctors)
 *crtbegin?.o(.ctors)
 *(EXCLUDE_FILE(*crtend.o *crtend?.o) .ctors)
 *(SORT(.ctors.*))
 *(.ctors)
 *crtbegin.o(.dtors)
 *crtbegin?.o(.dtors)
 *(EXCLUDE_FILE(*crtend.o *crtend?.o) .dtors)
 *(SORT(.dtors.*))
 *(.dtors)
 *(.rodata*)
 .rodata        0x08003ae0       0x48 ..\obj\stm32f4xx_usart.o
 .rodata        0x08003b28        0x8 ..\obj\main.o
 .rodata        0x08003b30       0x48 ..\obj\stm32f4xx_rcc.o
 .rodata        0x08003b78       0x10 ..\obj\timers.o
 .rodata        0x08003b88        0x8 ..\obj\tasks.o
 .rodata        0x08003b90       0x48 ..\obj\stm32f4xx_gpio.o
 .rodata        0x08003bd8       0x48 ..\obj\stm32f4xx_rng.o
 .rodata        0x08003c20       0x48 ..\obj\stm32f4xx_exti.o
 .rodata        0x08003c68       0x40 ..\obj\misc.o
 .rodata.str1.4
                0x08003ca8        0x4 c:/program files (x86)/arm gcc/bin/../lib/gcc/arm-none-eabi/4.8.4/../../../../arm-none-eabi/lib/armv7e-m/fpu\libc.a(lib_a-impure.o)
 .rodata._global_impure_ptr
                0x08003cac        0x4 c:/program files (x86)/arm gcc/bin/../lib/gcc/arm-none-eabi/4.8.4/../../../../arm-none-eabi/lib/armv7e-m/fpu\libc.a(lib_a-impure.o)
                0x08003cac                _global_impure_ptr
 *(.eh_fram e*)

.eh_frame       0x08003cb0        0x0
 .eh_frame      0x08003cb0        0x0 c:/program files (x86)/arm gcc/bin/../lib/gcc/arm-none-eabi/4.8.4/armv7e-m/fpu/crtbegin.o

.glue_7         0x08003cb0        0x0
 .glue_7        0x00000000        0x0 linker stubs

.glue_7t        0x08003cb0        0x0
 .glue_7t       0x00000000        0x0 linker stubs

.vfp11_veneer   0x08003cb0        0x0
 .vfp11_veneer  0x00000000        0x0 linker stubs

.v4_bx          0x08003cb0        0x0
 .v4_bx         0x00000000        0x0 linker stubs

.iplt           0x08003cb0        0x0
 .iplt          0x00000000        0x0 c:/program files (x86)/arm gcc/bin/../lib/gcc/arm-none-eabi/4.8.4/armv7e-m/fpu/crtbegin.o

.rel.dyn        0x08003cb0        0x0
 .rel.iplt      0x00000000        0x0 c:/program files (x86)/arm gcc/bin/../lib/gcc/arm-none-eabi/4.8.4/armv7e-m/fpu/crtbegin.o

.ARM.extab
 *(.ARM.extab* .gnu.linkonce.armextab.*)
                0x08003cb0                __exidx_start = .

.ARM.exidx
 *(.ARM.exidx* .gnu.linkonce.armexidx.*)
                0x08003cb0                __exidx_end = .
                0x08003cb0                __etext = .
                0x08003cb0                _sidata = __etext

.data           0x20000000      0x458 load address 0x08003cb0
                0x20000000                __data_start__ = .
                0x20000000                _sdata = __data_start__
 *(vtable)
 *(.data*)
 .data          0x20000000       0x10 ..\obj\stm32f4xx_rcc.o
 .data          0x20000010        0x4 ..\obj\tasks.o
 .data          0x20000014        0x4 ..\obj\port.o
 .data          0x20000018        0x4 ..\obj\heap_2.o
 *fill*         0x2000001c        0x4 
 .data.impure_data
                0x20000020      0x428 c:/program files (x86)/arm gcc/bin/../lib/gcc/arm-none-eabi/4.8.4/../../../../arm-none-eabi/lib/armv7e-m/fpu\libc.a(lib_a-impure.o)
                0x20000448                . = ALIGN (0x4)
                0x20000448                PROVIDE (__preinit_array_start, .)
 *(.preinit_array)
                0x20000448                PROVIDE (__preinit_array_end, .)
                0x20000448                . = ALIGN (0x4)
                0x20000448                PROVIDE (__init_array_start, .)
 *(SORT(.init_array.*))
 .init_array.00000
                0x20000448        0x4 c:/program files (x86)/arm gcc/bin/../lib/gcc/arm-none-eabi/4.8.4/../../../../arm-none-eabi/lib/armv7e-m/fpu\libc.a(lib_a-__call_atexit.o)
 *(.init_array)
 .init_array    0x2000044c        0x4 c:/program files (x86)/arm gcc/bin/../lib/gcc/arm-none-eabi/4.8.4/armv7e-m/fpu/crtbegin.o
                0x20000450                PROVIDE (__init_array_end, .)
                0x20000450                . = ALIGN (0x4)
                0x20000450                PROVIDE (__fini_array_start, .)
 *(SORT(.fini_array.*))
 *(.fini_array)
 .fini_array    0x20000450        0x4 c:/program files (x86)/arm gcc/bin/../lib/gcc/arm-none-eabi/4.8.4/armv7e-m/fpu/crtbegin.o
                0x20000454                PROVIDE (__fini_array_end, .)
 *(.jcr*)
 .jcr           0x20000454        0x0 c:/program files (x86)/arm gcc/bin/../lib/gcc/arm-none-eabi/4.8.4/armv7e-m/fpu/crtbegin.o
 .jcr           0x20000454        0x4 c:/program files (x86)/arm gcc/bin/../lib/gcc/arm-none-eabi/4.8.4/armv7e-m/fpu/crtend.o
                0x20000458                . = ALIGN (0x4)
                0x20000458                __data_end__ = .
                0x20000458                _edata = __data_end__

.igot.plt       0x20000458        0x0 load address 0x08004108
 .igot.plt      0x00000000        0x0 c:/program files (x86)/arm gcc/bin/../lib/gcc/arm-none-eabi/4.8.4/armv7e-m/fpu/crtbegin.o

.bss            0x20000458     0xb61c load address 0x08004108
                0x20000458                . = ALIGN (0x4)
                0x20000458                __bss_start__ = .
                0x20000458                _sbss = __bss_start__
 *(.bss*)
 .bss           0x20000458       0x1c c:/program files (x86)/arm gcc/bin/../lib/gcc/arm-none-eabi/4.8.4/armv7e-m/fpu/crtbegin.o
 .bss           0x20000474        0x4 ..\obj\main.o
 .bss           0x20000478       0x38 ..\obj\timers.o
 .bss           0x200004b0      0x160 ..\obj\tasks.o
                0x200004b0                pxCurrentTCB
 .bss           0x20000610     0xb414 ..\obj\heap_2.o
 *(COMMON)
 COMMON         0x2000ba24       0x50 ..\obj\queue.o
                0x2000ba24                xQueueRegistry
                0x2000ba74                . = ALIGN (0x4)
                0x2000ba74                __bss_end__ = .
                0x2000ba74                _ebss = __bss_end__

.heap           0x2000ba74        0x0
                0x2000ba74                __end__ = .
                0x2000ba74                _end = __end__
                0x2000ba74                end = __end__
 *(.heap*)
                0x2000ba74                __HeapLimit = .

.co_stack       0x2000ba74      0x804 load address 0x0800f724
                0x2000ba78                . = ALIGN (0x8)
 *fill*         0x2000ba74        0x4 
 *(.co_stack .co_stack.*)
 .co_stack      0x2000ba78      0x800 ..\obj\startup_stm32f4xx.o
                0x2000ba78                pulStack
                0x20020000                __StackTop = (ORIGIN (ram) + 0x20000)
                0x2001f7fc                __StackLimit = (__StackTop - SIZEOF (.co_stack))
                0x20020000                PROVIDE (__stack, __StackTop)
                0x00000001                ASSERT ((__StackLimit >= __HeapLimit), region ram  overflowed with stack)
LOAD ..\obj\stm32f4xx_syscfg.o
LOAD ..\obj\string.o
LOAD ..\obj\stm32f4xx_sdio.o
LOAD ..\obj\stm32f4xx_usart.o
LOAD ..\obj\stm32f4xx_pwr.o
LOAD ..\obj\startup_stm32f4xx.o
LOAD ..\obj\stm32f4xx_iwdg.o
LOAD ..\obj\main.o
LOAD ..\obj\stm32f4xx_rcc.o
LOAD ..\obj\timers.o
LOAD ..\obj\stm32f4xx_adc.o
LOAD ..\obj\tasks.o
LOAD ..\obj\stm32f4xx_fsmc.o
LOAD ..\obj\stm32f4xx_gpio.o
LOAD ..\obj\stm32f4xx_flash.o
LOAD ..\obj\list.o
LOAD ..\obj\system_stm32f4xx.o
LOAD ..\obj\stm32f4xx_dma.o
LOAD ..\obj\port.o
LOAD ..\obj\queue.o
LOAD ..\obj\croutine.o
LOAD ..\obj\stm32f4xx_spi.o
LOAD ..\obj\event_groups.o
LOAD ..\obj\stm32f4xx_rng.o
LOAD ..\obj\stm32f4xx_exti.o
LOAD ..\obj\misc.o
LOAD ..\obj\heap_2.o
LOAD ..\obj\stm32f4xx_tim.o
LOAD c:/program files (x86)/arm gcc/bin/../lib/gcc/arm-none-eabi/4.8.4/../../../../arm-none-eabi/lib/armv7e-m/fpu\libm.a
LOAD c:/program files (x86)/arm gcc/bin/../lib/gcc/arm-none-eabi/4.8.4/armv7e-m/fpu\libgcc.a
LOAD c:/program files (x86)/arm gcc/bin/../lib/gcc/arm-none-eabi/4.8.4/../../../../arm-none-eabi/lib/armv7e-m/fpu\libc.a
LOAD c:/program files (x86)/arm gcc/bin/../lib/gcc/arm-none-eabi/4.8.4/../../../../arm-none-eabi/lib/armv7e-m/fpu\libnosys.a
LOAD c:/program files (x86)/arm gcc/bin/../lib/gcc/arm-none-eabi/4.8.4/../../../../arm-none-eabi/lib/armv7e-m/fpu\libstdc++.a
START GROUP
LOAD c:/program files (x86)/arm gcc/bin/../lib/gcc/arm-none-eabi/4.8.4/armv7e-m/fpu\libgcc.a
LOAD c:/program files (x86)/arm gcc/bin/../lib/gcc/arm-none-eabi/4.8.4/../../../../arm-none-eabi/lib/armv7e-m/fpu\libg.a
LOAD c:/program files (x86)/arm gcc/bin/../lib/gcc/arm-none-eabi/4.8.4/../../../../arm-none-eabi/lib/armv7e-m/fpu\libc.a
END GROUP
LOAD c:/program files (x86)/arm gcc/bin/../lib/gcc/arm-none-eabi/4.8.4/armv7e-m/fpu/crtend.o
LOAD c:/program files (x86)/arm gcc/bin/../lib/gcc/arm-none-eabi/4.8.4/armv7e-m/fpu/crtn.o
OUTPUT(DiscoveryTemplate.elf elf32-littlearm)

.ARM.attributes
                0x00000000       0x30
 .ARM.attributes
                0x00000000       0x22 c:/program files (x86)/arm gcc/bin/../lib/gcc/arm-none-eabi/4.8.4/armv7e-m/fpu/crti.o
 .ARM.attributes
                0x00000022       0x34 c:/program files (x86)/arm gcc/bin/../lib/gcc/arm-none-eabi/4.8.4/armv7e-m/fpu/crtbegin.o
 .ARM.attributes
                0x00000056       0x39 ..\obj\stm32f4xx_usart.o
 .ARM.attributes
                0x0000008f       0x39 ..\obj\startup_stm32f4xx.o
 .ARM.attributes
                0x000000c8       0x39 ..\obj\main.o
 .ARM.attributes
                0x00000101       0x39 ..\obj\stm32f4xx_rcc.o
 .ARM.attributes
                0x0000013a       0x39 ..\obj\timers.o
 .ARM.attributes
                0x00000173       0x39 ..\obj\tasks.o
 .ARM.attributes
                0x000001ac       0x39 ..\obj\stm32f4xx_gpio.o
 .ARM.attributes
                0x000001e5       0x39 ..\obj\list.o
 .ARM.attributes
                0x0000021e       0x39 ..\obj\system_stm32f4xx.o
 .ARM.attributes
                0x00000257       0x39 ..\obj\port.o
 .ARM.attributes
                0x00000290       0x39 ..\obj\queue.o
 .ARM.attributes
                0x000002c9       0x39 ..\obj\stm32f4xx_rng.o
 .ARM.attributes
                0x00000302       0x39 ..\obj\stm32f4xx_exti.o
 .ARM.attributes
                0x0000033b       0x39 ..\obj\misc.o
 .ARM.attributes
                0x00000374       0x39 ..\obj\heap_2.o
 .ARM.attributes
                0x000003ad       0x34 c:/program files (x86)/arm gcc/bin/../lib/gcc/arm-none-eabi/4.8.4/../../../../arm-none-eabi/lib/armv7e-m/fpu\libc.a(lib_a-impure.o)
 .ARM.attributes
                0x000003e1       0x20 c:/program files (x86)/arm gcc/bin/../lib/gcc/arm-none-eabi/4.8.4/../../../../arm-none-eabi/lib/armv7e-m/fpu\libc.a(lib_a-memcpy.o)
 .ARM.attributes
                0x00000401       0x34 c:/program files (x86)/arm gcc/bin/../lib/gcc/arm-none-eabi/4.8.4/../../../../arm-none-eabi/lib/armv7e-m/fpu\libc.a(lib_a-memset.o)
 .ARM.attributes
                0x00000435       0x34 c:/program files (x86)/arm gcc/bin/../lib/gcc/arm-none-eabi/4.8.4/../../../../arm-none-eabi/lib/armv7e-m/fpu\libc.a(lib_a-__call_atexit.o)
 .ARM.attributes
                0x00000469       0x34 c:/program files (x86)/arm gcc/bin/../lib/gcc/arm-none-eabi/4.8.4/../../../../arm-none-eabi/lib/armv7e-m/fpu\libc.a(lib_a-atexit.o)
 .ARM.attributes
                0x0000049d       0x34 c:/program files (x86)/arm gcc/bin/../lib/gcc/arm-none-eabi/4.8.4/../../../../arm-none-eabi/lib/armv7e-m/fpu\libc.a(lib_a-fini.o)
 .ARM.attributes
                0x000004d1       0x34 c:/program files (x86)/arm gcc/bin/../lib/gcc/arm-none-eabi/4.8.4/../../../../arm-none-eabi/lib/armv7e-m/fpu\libc.a(lib_a-__atexit.o)
 .ARM.attributes
                0x00000505       0x34 c:/program files (x86)/arm gcc/bin/../lib/gcc/arm-none-eabi/4.8.4/armv7e-m/fpu/crtend.o
 .ARM.attributes
                0x00000539       0x22 c:/program files (x86)/arm gcc/bin/../lib/gcc/arm-none-eabi/4.8.4/armv7e-m/fpu/crtn.o

.comment        0x00000000       0x70
 .comment       0x00000000       0x70 ..\obj\stm32f4xx_usart.o
                                 0x71 (size before relaxing)
 .comment       0x00000000       0x71 ..\obj\startup_stm32f4xx.o
 .comment       0x00000000       0x71 ..\obj\main.o
 .comment       0x00000000       0x71 ..\obj\stm32f4xx_rcc.o
 .comment       0x00000000       0x71 ..\obj\timers.o
 .comment       0x00000000       0x71 ..\obj\tasks.o
 .comment       0x00000000       0x71 ..\obj\stm32f4xx_gpio.o
 .comment       0x00000000       0x71 ..\obj\list.o
 .comment       0x00000000       0x71 ..\obj\system_stm32f4xx.o
 .comment       0x00000000       0x71 ..\obj\port.o
 .comment       0x00000000       0x71 ..\obj\queue.o
 .comment       0x00000000       0x71 ..\obj\stm32f4xx_rng.o
 .comment       0x00000000       0x71 ..\obj\stm32f4xx_exti.o
 .comment       0x00000000       0x71 ..\obj\misc.o
 .comment       0x00000000       0x71 ..\obj\heap_2.o

.debug_info     0x00000000     0x618b
 .debug_info    0x00000000      0x9c2 ..\obj\stm32f4xx_usart.o
 .debug_info    0x000009c2      0x107 ..\obj\startup_stm32f4xx.o
 .debug_info    0x00000ac9      0x828 ..\obj\main.o
 .debug_info    0x000012f1      0xc4d ..\obj\stm32f4xx_rcc.o
 .debug_info    0x00001f3e      0x7e1 ..\obj\timers.o
 .debug_info    0x0000271f     0x1075 ..\obj\tasks.o
 .debug_info    0x00003794      0x602 ..\obj\stm32f4xx_gpio.o
 .debug_info    0x00003d96      0x299 ..\obj\list.o
 .debug_info    0x0000402f      0x592 ..\obj\system_stm32f4xx.o
 .debug_info    0x000045c1      0x247 ..\obj\port.o
 .debug_info    0x00004808      0xb7e ..\obj\queue.o
 .debug_info    0x00005386      0x27f ..\obj\stm32f4xx_rng.o
 .debug_info    0x00005605      0x373 ..\obj\stm32f4xx_exti.o
 .debug_info    0x00005978      0x53d ..\obj\misc.o
 .debug_info    0x00005eb5      0x2d6 ..\obj\heap_2.o

.debug_abbrev   0x00000000     0x1649
 .debug_abbrev  0x00000000      0x16f ..\obj\stm32f4xx_usart.o
 .debug_abbrev  0x0000016f       0xd3 ..\obj\startup_stm32f4xx.o
 .debug_abbrev  0x00000242      0x1b9 ..\obj\main.o
 .debug_abbrev  0x000003fb      0x1e1 ..\obj\stm32f4xx_rcc.o
 .debug_abbrev  0x000005dc      0x186 ..\obj\timers.o
 .debug_abbrev  0x00000762      0x279 ..\obj\tasks.o
 .debug_abbrev  0x000009db      0x1a3 ..\obj\stm32f4xx_gpio.o
 .debug_abbrev  0x00000b7e       0xbc ..\obj\list.o
 .debug_abbrev  0x00000c3a      0x136 ..\obj\system_stm32f4xx.o
 .debug_abbrev  0x00000d70      0x148 ..\obj\port.o
 .debug_abbrev  0x00000eb8      0x1f9 ..\obj\queue.o
 .debug_abbrev  0x000010b1      0x144 ..\obj\stm32f4xx_rng.o
 .debug_abbrev  0x000011f5      0x1bf ..\obj\stm32f4xx_exti.o
 .debug_abbrev  0x000013b4      0x145 ..\obj\misc.o
 .debug_abbrev  0x000014f9      0x150 ..\obj\heap_2.o

.debug_aranges  0x00000000      0x898
 .debug_aranges
                0x00000000      0x100 ..\obj\stm32f4xx_usart.o
 .debug_aranges
                0x00000100       0x28 ..\obj\startup_stm32f4xx.o
 .debug_aranges
                0x00000128       0x68 ..\obj\main.o
 .debug_aranges
                0x00000190      0x178 ..\obj\stm32f4xx_rcc.o
 .debug_aranges
                0x00000308       0x90 ..\obj\timers.o
 .debug_aranges
                0x00000398      0x170 ..\obj\tasks.o
 .debug_aranges
                0x00000508       0x88 ..\obj\stm32f4xx_gpio.o
 .debug_aranges
                0x00000590       0x40 ..\obj\list.o
 .debug_aranges
                0x000005d0       0x30 ..\obj\system_stm32f4xx.o
 .debug_aranges
                0x00000600       0x90 ..\obj\port.o
 .debug_aranges
                0x00000690       0xd8 ..\obj\queue.o
 .debug_aranges
                0x00000768       0x58 ..\obj\stm32f4xx_rng.o
 .debug_aranges
                0x000007c0       0x58 ..\obj\stm32f4xx_exti.o
 .debug_aranges
                0x00000818       0x40 ..\obj\misc.o
 .debug_aranges
                0x00000858       0x40 ..\obj\heap_2.o

.debug_ranges   0x00000000      0x7a8
 .debug_ranges  0x00000000       0xf0 ..\obj\stm32f4xx_usart.o
 .debug_ranges  0x000000f0       0x18 ..\obj\startup_stm32f4xx.o
 .debug_ranges  0x00000108       0x58 ..\obj\main.o
 .debug_ranges  0x00000160      0x168 ..\obj\stm32f4xx_rcc.o
 .debug_ranges  0x000002c8       0x80 ..\obj\timers.o
 .debug_ranges  0x00000348      0x160 ..\obj\tasks.o
 .debug_ranges  0x000004a8       0x78 ..\obj\stm32f4xx_gpio.o
 .debug_ranges  0x00000520       0x30 ..\obj\list.o
 .debug_ranges  0x00000550       0x20 ..\obj\system_stm32f4xx.o
 .debug_ranges  0x00000570       0x80 ..\obj\port.o
 .debug_ranges  0x000005f0       0xc8 ..\obj\queue.o
 .debug_ranges  0x000006b8       0x48 ..\obj\stm32f4xx_rng.o
 .debug_ranges  0x00000700       0x48 ..\obj\stm32f4xx_exti.o
 .debug_ranges  0x00000748       0x30 ..\obj\misc.o
 .debug_ranges  0x00000778       0x30 ..\obj\heap_2.o

.debug_line     0x00000000     0x373e
 .debug_line    0x00000000      0x6aa ..\obj\stm32f4xx_usart.o
 .debug_line    0x000006aa       0xa0 ..\obj\startup_stm32f4xx.o
 .debug_line    0x0000074a      0x352 ..\obj\main.o
 .debug_line    0x00000a9c      0x7cf ..\obj\stm32f4xx_rcc.o
 .debug_line    0x0000126b      0x329 ..\obj\timers.o
 .debug_line    0x00001594      0x8ae ..\obj\tasks.o
 .debug_line    0x00001e42      0x408 ..\obj\stm32f4xx_gpio.o
 .debug_line    0x0000224a      0x1c8 ..\obj\list.o
 .debug_line    0x00002412      0x1bd ..\obj\system_stm32f4xx.o
 .debug_line    0x000025cf      0x27f ..\obj\port.o
 .debug_line    0x0000284e      0x570 ..\obj\queue.o
 .debug_line    0x00002dbe      0x242 ..\obj\stm32f4xx_rng.o
 .debug_line    0x00003000      0x2d4 ..\obj\stm32f4xx_exti.o
 .debug_line    0x000032d4      0x25d ..\obj\misc.o
 .debug_line    0x00003531      0x20d ..\obj\heap_2.o

.debug_str      0x00000000     0x30f9
 .debug_str     0x00000000      0x63f ..\obj\stm32f4xx_usart.o
                                0x6ba (size before relaxing)
 .debug_str     0x0000063f       0xbb ..\obj\startup_stm32f4xx.o
                                0x180 (size before relaxing)
 .debug_str     0x000006fa      0x862 ..\obj\main.o
                                0xb13 (size before relaxing)
 .debug_str     0x00000f5c      0x5e0 ..\obj\stm32f4xx_rcc.o
                                0x87b (size before relaxing)
 .debug_str     0x0000153c      0x483 ..\obj\timers.o
                                0x66a (size before relaxing)
 .debug_str     0x000019bf      0x8c6 ..\obj\tasks.o
                                0xb67 (size before relaxing)
 .debug_str     0x00002285      0x18b ..\obj\stm32f4xx_gpio.o
                                0x4ce (size before relaxing)
 .debug_str     0x00002410       0xd0 ..\obj\list.o
                                0x2cb (size before relaxing)
 .debug_str     0x000024e0      0x115 ..\obj\system_stm32f4xx.o
                                0x3d5 (size before relaxing)
 .debug_str     0x000025f5      0x179 ..\obj\port.o
                                0x320 (size before relaxing)
 .debug_str     0x0000276e      0x408 ..\obj\queue.o
                                0x74e (size before relaxing)
 .debug_str     0x00002b76       0xdc ..\obj\stm32f4xx_rng.o
                                0x2a4 (size before relaxing)
 .debug_str     0x00002c52      0x1d7 ..\obj\stm32f4xx_exti.o
                                0x3aa (size before relaxing)
 .debug_str     0x00002e29      0x15e ..\obj\misc.o
                                0x3f9 (size before relaxing)
 .debug_str     0x00002f87      0x172 ..\obj\heap_2.o
                                0x305 (size before relaxing)

.debug_frame    0x00000000     0x1d14
 .debug_frame   0x00000000      0x3a8 ..\obj\stm32f4xx_usart.o
 .debug_frame   0x000003a8       0x4c ..\obj\startup_stm32f4xx.o
 .debug_frame   0x000003f4      0x130 ..\obj\main.o
 .debug_frame   0x00000524      0x574 ..\obj\stm32f4xx_rcc.o
 .debug_frame   0x00000a98      0x1e0 ..\obj\timers.o
 .debug_frame   0x00000c78      0x530 ..\obj\tasks.o
 .debug_frame   0x000011a8      0x1cc ..\obj\stm32f4xx_gpio.o
 .debug_frame   0x00001374       0x9c ..\obj\list.o
 .debug_frame   0x00001410       0x64 ..\obj\system_stm32f4xx.o
 .debug_frame   0x00001474      0x160 ..\obj\port.o
 .debug_frame   0x000015d4      0x2fc ..\obj\queue.o
 .debug_frame   0x000018d0      0x104 ..\obj\stm32f4xx_rng.o
 .debug_frame   0x000019d4      0x104 ..\obj\stm32f4xx_exti.o
 .debug_frame   0x00001ad8       0xb0 ..\obj\misc.o
 .debug_frame   0x00001b88       0x9c ..\obj\heap_2.o
 .debug_frame   0x00001c24       0x2c c:/program files (x86)/arm gcc/bin/../lib/gcc/arm-none-eabi/4.8.4/../../../../arm-none-eabi/lib/armv7e-m/fpu\libc.a(lib_a-memset.o)
 .debug_frame   0x00001c50       0x48 c:/program files (x86)/arm gcc/bin/../lib/gcc/arm-none-eabi/4.8.4/../../../../arm-none-eabi/lib/armv7e-m/fpu\libc.a(lib_a-__call_atexit.o)
 .debug_frame   0x00001c98       0x20 c:/program files (x86)/arm gcc/bin/../lib/gcc/arm-none-eabi/4.8.4/../../../../arm-none-eabi/lib/armv7e-m/fpu\libc.a(lib_a-atexit.o)
 .debug_frame   0x00001cb8       0x2c c:/program files (x86)/arm gcc/bin/../lib/gcc/arm-none-eabi/4.8.4/../../../../arm-none-eabi/lib/armv7e-m/fpu\libc.a(lib_a-fini.o)
 .debug_frame   0x00001ce4       0x30 c:/program files (x86)/arm gcc/bin/../lib/gcc/arm-none-eabi/4.8.4/../../../../arm-none-eabi/lib/armv7e-m/fpu\libc.a(lib_a-__atexit.o)
